---
source: crates/libaipm/src/workspace_init/mod.rs
expression: content
---
import { mkdirSync, writeFileSync, readFileSync, existsSync } from "fs";
import { join } from "path";

const name = process.argv[2];
if (!name) {
  process.stderr.write("Usage: node --experimental-strip-types scaffold-plugin.ts <plugin-name>\n");
  process.exit(1);
}

const aiDir = join(process.cwd(), ".ai");
const pluginDir = join(aiDir, name);

if (existsSync(pluginDir)) {
  process.stderr.write(`Error: .ai/${name}/ already exists\n`);
  process.exit(1);
}

mkdirSync(join(pluginDir, ".claude-plugin"), { recursive: true });
mkdirSync(join(pluginDir, "skills", name), { recursive: true });
mkdirSync(join(pluginDir, "agents"), { recursive: true });
mkdirSync(join(pluginDir, "hooks"), { recursive: true });

writeFileSync(
  join(pluginDir, "aipm.toml"),
  `[package]\nname = "${name}"\nversion = "0.1.0"\ntype = "composite"\ndescription = "TODO: describe ${name}"\n\n[components]\nskills = ["skills/${name}/SKILL.md"]\n`
);

writeFileSync(
  join(pluginDir, "skills", name, "SKILL.md"),
  `---\ndescription: TODO — describe when this skill should be invoked\n---\n\n# ${name}\n\nReplace this with instructions for the AI agent.\n`
);

writeFileSync(
  join(pluginDir, ".claude-plugin", "plugin.json"),
  JSON.stringify({ name, version: "0.1.0", description: `TODO: describe ${name}`, author: { name: "TODO", email: "TODO" } }, null, 2) + "\n"
);

// Read or create marketplace.json (hoisted for use in settings section)
const marketplacePath = join(aiDir, ".claude-plugin", "marketplace.json");
let marketplace: { name: string; owner: { name: string }; metadata: { description: string }; plugins: Array<{ name: string; source: string; description: string }> } = {
  name: "local-repo-plugins",
  owner: { name: "local" },
  metadata: { description: "Local plugins for this repository" },
  plugins: []
};
try {
  if (existsSync(marketplacePath)) {
    marketplace = JSON.parse(readFileSync(marketplacePath, "utf-8"));
  } else {
    mkdirSync(join(aiDir, ".claude-plugin"), { recursive: true });
  }
  if (!marketplace.plugins.some((p: { name: string }) => p.name === name)) {
    marketplace.plugins.push({
      name,
      source: `./${name}`,
      description: `TODO: describe ${name}`
    });
    writeFileSync(marketplacePath, JSON.stringify(marketplace, null, 2) + "\n");
  }
} catch (e) {
  process.stderr.write(`Warning: could not update marketplace.json: ${e}\n`);
}

// Auto-enable in .claude/settings.json
try {
  const settingsPath = join(process.cwd(), ".claude", "settings.json");
  let settings: Record<string, unknown>;
  if (existsSync(settingsPath)) {
    settings = JSON.parse(readFileSync(settingsPath, "utf-8"));
  } else {
    mkdirSync(join(process.cwd(), ".claude"), { recursive: true });
    settings = {};
  }
  if (!settings.enabledPlugins || typeof settings.enabledPlugins !== "object") {
    settings.enabledPlugins = {};
  }
  const pluginKey = `${name}@${marketplace.name}`;
  const enabled = settings.enabledPlugins as Record<string, boolean>;
  if (!(pluginKey in enabled)) {
    enabled[pluginKey] = true;
    writeFileSync(settingsPath, JSON.stringify(settings, null, 2) + "\n");
  }
} catch (e) {
  process.stderr.write(`Warning: could not update settings.json: ${e}\n`);
}

process.stdout.write(`Created .ai/${name}/ with starter structure\n`);
