---
source: crates/aipm/src/wizard.rs
expression: format_steps(&steps)
---
Step 1:
  Label: Marketplace name:
  Kind: Text (placeholder: "local-repo-plugins")
  Validate: marketplace-name
  Help: Lowercase alphanumeric with hyphens, or press Enter for default

Step 2:
  Label: Include starter plugin?
  Kind: Confirm (default: true)
  Help: Adds scaffold-plugin skill, marketplace-scanner agent, and logging hook
